#-----------------------------------------------------------
# Vivado v2022.1 (64-bit)
# SW Build 3526262 on Mon Apr 18 15:48:16 MDT 2022
# IP Build 3524634 on Mon Apr 18 20:55:01 MDT 2022
# Start of session at: Mon Oct 23 11:47:38 2023
# Process ID: 37384
# Current directory: C:/Users/mlabadmin/Desktop/hls_divisor/hls_divisor/hls_divisor.runs/design_1_system_ila_0_0_synth_1
# Command line: vivado.exe -log design_1_system_ila_0_0.vds -product Vivado -mode batch -messageDb vivado.pb -notrace -source design_1_system_ila_0_0.tcl
# Log file: C:/Users/mlabadmin/Desktop/hls_divisor/hls_divisor/hls_divisor.runs/design_1_system_ila_0_0_synth_1/design_1_system_ila_0_0.vds
# Journal file: C:/Users/mlabadmin/Desktop/hls_divisor/hls_divisor/hls_divisor.runs/design_1_system_ila_0_0_synth_1\vivado.jou
# Running On: hp6g4-step-1, OS: Windows, CPU Frequency: 3192 MHz, CPU Physical cores: 6, Host memory: 16948 MB
#-----------------------------------------------------------
source design_1_system_ila_0_0.tcl -notrace
